main.c:106:5:main	416	static
main.c:349:6:SystemClock_Config	88	static
main.c:391:13:MX_ADC1_Init	24	static
main.c:438:13:MX_SPI3_Init	8	static
main.c:474:13:MX_TIM3_Init	32	static
main.c:516:13:MX_TIM11_Init	8	static
main.c:545:13:MX_USART2_UART_Init	8	static
main.c:574:13:MX_DMA_Init	16	static
main.c:591:13:MX_GPIO_Init	48	static
main.c:646:6:MCP4922SetOutput	24	static
main.c:652:6:HAL_SPI_TxCpltCallback	16	static
main.c:658:6:HAL_TIM_PeriodElapsedCallback	24	static
main.c:664:9:UARTRecieveIT	16	static
main.c:674:17:micros	12	static
main.c:683:6:Error_Handler	4	static,ignoring_inline_asm
